Archive member included because of file (symbol)

d:/program_files/atmel toolchain/avr8 gcc/native/3.4.1061/avr8-gnu-toolchain/bin/../lib/gcc/avr/4.8.1/../../../../avr/lib/avr5\libm.a(addsf3.o)
                              Source/scheduler.o (__addsf3)
d:/program_files/atmel toolchain/avr8 gcc/native/3.4.1061/avr8-gnu-toolchain/bin/../lib/gcc/avr/4.8.1/../../../../avr/lib/avr5\libm.a(addsf3x.o)
                              d:/program_files/atmel toolchain/avr8 gcc/native/3.4.1061/avr8-gnu-toolchain/bin/../lib/gcc/avr/4.8.1/../../../../avr/lib/avr5\libm.a(addsf3.o) (__addsf3x)
d:/program_files/atmel toolchain/avr8 gcc/native/3.4.1061/avr8-gnu-toolchain/bin/../lib/gcc/avr/4.8.1/../../../../avr/lib/avr5\libm.a(cmpsf2.o)
                              Source/scheduler.o (__ltsf2)
d:/program_files/atmel toolchain/avr8 gcc/native/3.4.1061/avr8-gnu-toolchain/bin/../lib/gcc/avr/4.8.1/../../../../avr/lib/avr5\libm.a(divsf3.o)
                              Source/scheduler.o (__divsf3)
d:/program_files/atmel toolchain/avr8 gcc/native/3.4.1061/avr8-gnu-toolchain/bin/../lib/gcc/avr/4.8.1/../../../../avr/lib/avr5\libm.a(divsf3x.o)
                              d:/program_files/atmel toolchain/avr8 gcc/native/3.4.1061/avr8-gnu-toolchain/bin/../lib/gcc/avr/4.8.1/../../../../avr/lib/avr5\libm.a(divsf3.o) (__divsf3x)
d:/program_files/atmel toolchain/avr8 gcc/native/3.4.1061/avr8-gnu-toolchain/bin/../lib/gcc/avr/4.8.1/../../../../avr/lib/avr5\libm.a(fixunssfsi.o)
                              Source/adc.o (__fixunssfsi)
d:/program_files/atmel toolchain/avr8 gcc/native/3.4.1061/avr8-gnu-toolchain/bin/../lib/gcc/avr/4.8.1/../../../../avr/lib/avr5\libm.a(floatsisf.o)
                              Source/adc.o (__floatunsisf)
d:/program_files/atmel toolchain/avr8 gcc/native/3.4.1061/avr8-gnu-toolchain/bin/../lib/gcc/avr/4.8.1/../../../../avr/lib/avr5\libm.a(fp_cmp.o)
                              d:/program_files/atmel toolchain/avr8 gcc/native/3.4.1061/avr8-gnu-toolchain/bin/../lib/gcc/avr/4.8.1/../../../../avr/lib/avr5\libm.a(cmpsf2.o) (__fp_cmp)
d:/program_files/atmel toolchain/avr8 gcc/native/3.4.1061/avr8-gnu-toolchain/bin/../lib/gcc/avr/4.8.1/../../../../avr/lib/avr5\libm.a(fp_inf.o)
                              d:/program_files/atmel toolchain/avr8 gcc/native/3.4.1061/avr8-gnu-toolchain/bin/../lib/gcc/avr/4.8.1/../../../../avr/lib/avr5\libm.a(addsf3x.o) (__fp_inf)
d:/program_files/atmel toolchain/avr8 gcc/native/3.4.1061/avr8-gnu-toolchain/bin/../lib/gcc/avr/4.8.1/../../../../avr/lib/avr5\libm.a(fp_nan.o)
                              d:/program_files/atmel toolchain/avr8 gcc/native/3.4.1061/avr8-gnu-toolchain/bin/../lib/gcc/avr/4.8.1/../../../../avr/lib/avr5\libm.a(addsf3x.o) (__fp_nan)
d:/program_files/atmel toolchain/avr8 gcc/native/3.4.1061/avr8-gnu-toolchain/bin/../lib/gcc/avr/4.8.1/../../../../avr/lib/avr5\libm.a(fp_pscA.o)
                              d:/program_files/atmel toolchain/avr8 gcc/native/3.4.1061/avr8-gnu-toolchain/bin/../lib/gcc/avr/4.8.1/../../../../avr/lib/avr5\libm.a(addsf3x.o) (__fp_pscA)
d:/program_files/atmel toolchain/avr8 gcc/native/3.4.1061/avr8-gnu-toolchain/bin/../lib/gcc/avr/4.8.1/../../../../avr/lib/avr5\libm.a(fp_pscB.o)
                              d:/program_files/atmel toolchain/avr8 gcc/native/3.4.1061/avr8-gnu-toolchain/bin/../lib/gcc/avr/4.8.1/../../../../avr/lib/avr5\libm.a(addsf3x.o) (__fp_pscB)
d:/program_files/atmel toolchain/avr8 gcc/native/3.4.1061/avr8-gnu-toolchain/bin/../lib/gcc/avr/4.8.1/../../../../avr/lib/avr5\libm.a(fp_round.o)
                              d:/program_files/atmel toolchain/avr8 gcc/native/3.4.1061/avr8-gnu-toolchain/bin/../lib/gcc/avr/4.8.1/../../../../avr/lib/avr5\libm.a(addsf3.o) (__fp_round)
d:/program_files/atmel toolchain/avr8 gcc/native/3.4.1061/avr8-gnu-toolchain/bin/../lib/gcc/avr/4.8.1/../../../../avr/lib/avr5\libm.a(fp_split3.o)
                              d:/program_files/atmel toolchain/avr8 gcc/native/3.4.1061/avr8-gnu-toolchain/bin/../lib/gcc/avr/4.8.1/../../../../avr/lib/avr5\libm.a(addsf3x.o) (__fp_split3)
d:/program_files/atmel toolchain/avr8 gcc/native/3.4.1061/avr8-gnu-toolchain/bin/../lib/gcc/avr/4.8.1/../../../../avr/lib/avr5\libm.a(fp_zero.o)
                              d:/program_files/atmel toolchain/avr8 gcc/native/3.4.1061/avr8-gnu-toolchain/bin/../lib/gcc/avr/4.8.1/../../../../avr/lib/avr5\libm.a(addsf3x.o) (__fp_zero)
d:/program_files/atmel toolchain/avr8 gcc/native/3.4.1061/avr8-gnu-toolchain/bin/../lib/gcc/avr/4.8.1/../../../../avr/lib/avr5\libm.a(gesf2.o)
                              Source/scheduler.o (__gtsf2)
d:/program_files/atmel toolchain/avr8 gcc/native/3.4.1061/avr8-gnu-toolchain/bin/../lib/gcc/avr/4.8.1/../../../../avr/lib/avr5\libm.a(mulsf3.o)
                              Source/adc.o (__mulsf3)
d:/program_files/atmel toolchain/avr8 gcc/native/3.4.1061/avr8-gnu-toolchain/bin/../lib/gcc/avr/4.8.1/../../../../avr/lib/avr5\libm.a(mulsf3x.o)
                              d:/program_files/atmel toolchain/avr8 gcc/native/3.4.1061/avr8-gnu-toolchain/bin/../lib/gcc/avr/4.8.1/../../../../avr/lib/avr5\libm.a(mulsf3.o) (__mulsf3x)
d:/program_files/atmel toolchain/avr8 gcc/native/3.4.1061/avr8-gnu-toolchain/bin/../lib/gcc/avr/4.8.1/avr5\libgcc.a(_exit.o)
                              d:/program_files/atmel toolchain/avr8 gcc/native/3.4.1061/avr8-gnu-toolchain/bin/../lib/gcc/avr/4.8.1/../../../../avr/lib/avr5/crtm328p.o (exit)
d:/program_files/atmel toolchain/avr8 gcc/native/3.4.1061/avr8-gnu-toolchain/bin/../lib/gcc/avr/4.8.1/avr5\libgcc.a(_copy_data.o)
                              Source/scheduler.o (__do_copy_data)
d:/program_files/atmel toolchain/avr8 gcc/native/3.4.1061/avr8-gnu-toolchain/bin/../lib/gcc/avr/4.8.1/avr5\libgcc.a(_clear_bss.o)
                              Source/isr.o (__do_clear_bss)
d:/program_files/atmel toolchain/avr8 gcc/native/3.4.1061/avr8-gnu-toolchain/bin/../lib/gcc/avr/4.8.1/avr5\libgcc.a(_umulhisi3.o)
                              Source/adc.o (__umulhisi3)

Allocating common symbols
Common symbol       size              file

ledMode             0x1               Source/scheduler.o
timers              0x46              Source/virtualTimers.o
connected           0x1               Source/isr.o
led3                0x1               Source/isr.o
tempCount           0x1               Source/scheduler.o
prescTemp           0x4               Source/scheduler.o
led3State           0x1               Source/scheduler.o

Discarded input sections

 .data          0x00000000        0x0 d:/program_files/atmel toolchain/avr8 gcc/native/3.4.1061/avr8-gnu-toolchain/bin/../lib/gcc/avr/4.8.1/../../../../avr/lib/avr5/crtm328p.o
 .bss           0x00000000        0x0 d:/program_files/atmel toolchain/avr8 gcc/native/3.4.1061/avr8-gnu-toolchain/bin/../lib/gcc/avr/4.8.1/../../../../avr/lib/avr5/crtm328p.o
 .group         0x00000000        0x8 PS1.o
 .group         0x00000000        0x8 PS1.o
 .group         0x00000000        0x8 PS1.o
 .group         0x00000000        0x8 PS1.o
 .group         0x00000000        0x8 PS1.o
 .group         0x00000000        0x8 PS1.o
 .group         0x00000000        0x8 PS1.o
 .group         0x00000000        0x8 PS1.o
 .group         0x00000000        0x8 PS1.o
 .group         0x00000000        0x8 PS1.o
 .group         0x00000000        0x8 PS1.o
 .group         0x00000000        0x8 PS1.o
 .group         0x00000000        0x8 PS1.o
 .group         0x00000000        0x8 PS1.o
 .group         0x00000000        0x8 PS1.o
 .group         0x00000000        0x8 PS1.o
 .text          0x00000000        0x0 PS1.o
 .data          0x00000000        0x0 PS1.o
 .bss           0x00000000        0x0 PS1.o
 .group         0x00000000        0x8 Source/adc.o
 .group         0x00000000        0x8 Source/adc.o
 .group         0x00000000        0x8 Source/adc.o
 .group         0x00000000        0x8 Source/adc.o
 .group         0x00000000        0x8 Source/adc.o
 .group         0x00000000        0x8 Source/adc.o
 .group         0x00000000        0x8 Source/adc.o
 .group         0x00000000        0x8 Source/adc.o
 .group         0x00000000        0x8 Source/adc.o
 .group         0x00000000        0x8 Source/adc.o
 .group         0x00000000        0x8 Source/adc.o
 .group         0x00000000        0x8 Source/adc.o
 .group         0x00000000        0x8 Source/adc.o
 .text          0x00000000        0x0 Source/adc.o
 .data          0x00000000        0x0 Source/adc.o
 .bss           0x00000000        0x0 Source/adc.o
 .debug_macro   0x00000000      0xa30 Source/adc.o
 .debug_macro   0x00000000       0x10 Source/adc.o
 .debug_macro   0x00000000      0x1ad Source/adc.o
 .debug_macro   0x00000000      0x293 Source/adc.o
 .debug_macro   0x00000000       0x9e Source/adc.o
 .debug_macro   0x00000000     0x13ae Source/adc.o
 .debug_macro   0x00000000      0x13a Source/adc.o
 .debug_macro   0x00000000       0xbd Source/adc.o
 .debug_macro   0x00000000       0x34 Source/adc.o
 .debug_macro   0x00000000       0x18 Source/adc.o
 .debug_macro   0x00000000       0x6c Source/adc.o
 .debug_macro   0x00000000       0x16 Source/adc.o
 .debug_macro   0x00000000       0x16 Source/adc.o
 .group         0x00000000        0x8 Source/eeprom.o
 .group         0x00000000        0x8 Source/eeprom.o
 .group         0x00000000        0x8 Source/eeprom.o
 .group         0x00000000        0x8 Source/eeprom.o
 .group         0x00000000        0x8 Source/eeprom.o
 .group         0x00000000        0x8 Source/eeprom.o
 .group         0x00000000        0x8 Source/eeprom.o
 .group         0x00000000        0x8 Source/eeprom.o
 .group         0x00000000        0x8 Source/eeprom.o
 .group         0x00000000        0x8 Source/eeprom.o
 .group         0x00000000        0x8 Source/eeprom.o
 .text          0x00000000        0x0 Source/eeprom.o
 .data          0x00000000        0x0 Source/eeprom.o
 .bss           0x00000000        0x0 Source/eeprom.o
 .debug_macro   0x00000000      0xa30 Source/eeprom.o
 .debug_macro   0x00000000       0x10 Source/eeprom.o
 .debug_macro   0x00000000      0x1ad Source/eeprom.o
 .debug_macro   0x00000000      0x293 Source/eeprom.o
 .debug_macro   0x00000000       0x9e Source/eeprom.o
 .debug_macro   0x00000000     0x13ae Source/eeprom.o
 .debug_macro   0x00000000      0x13a Source/eeprom.o
 .debug_macro   0x00000000       0xbd Source/eeprom.o
 .debug_macro   0x00000000       0x34 Source/eeprom.o
 .debug_macro   0x00000000       0x18 Source/eeprom.o
 .debug_macro   0x00000000       0x6c Source/eeprom.o
 .group         0x00000000        0x8 Source/init.o
 .group         0x00000000        0x8 Source/init.o
 .group         0x00000000        0x8 Source/init.o
 .group         0x00000000        0x8 Source/init.o
 .group         0x00000000        0x8 Source/init.o
 .group         0x00000000        0x8 Source/init.o
 .group         0x00000000        0x8 Source/init.o
 .group         0x00000000        0x8 Source/init.o
 .group         0x00000000        0x8 Source/init.o
 .group         0x00000000        0x8 Source/init.o
 .group         0x00000000        0x8 Source/init.o
 .group         0x00000000        0x8 Source/init.o
 .text          0x00000000        0x0 Source/init.o
 .data          0x00000000        0x0 Source/init.o
 .bss           0x00000000        0x0 Source/init.o
 .text.initButton
                0x00000000        0x6 Source/init.o
 .text.initTimerB
                0x00000000       0x28 Source/init.o
 .text.initTimerA
                0x00000000       0x20 Source/init.o
 .debug_macro   0x00000000      0xa30 Source/init.o
 .debug_macro   0x00000000       0x10 Source/init.o
 .debug_macro   0x00000000      0x1ad Source/init.o
 .debug_macro   0x00000000      0x293 Source/init.o
 .debug_macro   0x00000000       0x9e Source/init.o
 .debug_macro   0x00000000     0x13ae Source/init.o
 .debug_macro   0x00000000      0x13a Source/init.o
 .debug_macro   0x00000000       0xbd Source/init.o
 .debug_macro   0x00000000       0x34 Source/init.o
 .debug_macro   0x00000000       0x18 Source/init.o
 .debug_macro   0x00000000       0x6c Source/init.o
 .debug_macro   0x00000000       0x69 Source/init.o
 .group         0x00000000        0x8 Source/isr.o
 .group         0x00000000        0x8 Source/isr.o
 .group         0x00000000        0x8 Source/isr.o
 .group         0x00000000        0x8 Source/isr.o
 .group         0x00000000        0x8 Source/isr.o
 .group         0x00000000        0x8 Source/isr.o
 .group         0x00000000        0x8 Source/isr.o
 .group         0x00000000        0x8 Source/isr.o
 .group         0x00000000        0x8 Source/isr.o
 .group         0x00000000        0x8 Source/isr.o
 .group         0x00000000        0x8 Source/isr.o
 .group         0x00000000        0x8 Source/isr.o
 .group         0x00000000        0x8 Source/isr.o
 .group         0x00000000        0x8 Source/isr.o
 .group         0x00000000        0x8 Source/isr.o
 .group         0x00000000        0x8 Source/isr.o
 .group         0x00000000        0x8 Source/isr.o
 .text          0x00000000        0x0 Source/isr.o
 .data          0x00000000        0x0 Source/isr.o
 .bss           0x00000000        0x0 Source/isr.o
 .debug_macro   0x00000000      0xa30 Source/isr.o
 .debug_macro   0x00000000       0x10 Source/isr.o
 .debug_macro   0x00000000      0x1ad Source/isr.o
 .debug_macro   0x00000000      0x293 Source/isr.o
 .debug_macro   0x00000000       0x9e Source/isr.o
 .debug_macro   0x00000000     0x13ae Source/isr.o
 .debug_macro   0x00000000      0x13a Source/isr.o
 .debug_macro   0x00000000       0xbd Source/isr.o
 .debug_macro   0x00000000       0x34 Source/isr.o
 .debug_macro   0x00000000       0x18 Source/isr.o
 .debug_macro   0x00000000       0x6c Source/isr.o
 .debug_macro   0x00000000       0x69 Source/isr.o
 .debug_macro   0x00000000       0x1c Source/isr.o
 .debug_macro   0x00000000       0x16 Source/isr.o
 .debug_macro   0x00000000       0x16 Source/isr.o
 .debug_macro   0x00000000       0x1c Source/isr.o
 .group         0x00000000        0x8 Source/scheduler.o
 .group         0x00000000        0x8 Source/scheduler.o
 .group         0x00000000        0x8 Source/scheduler.o
 .group         0x00000000        0x8 Source/scheduler.o
 .group         0x00000000        0x8 Source/scheduler.o
 .group         0x00000000        0x8 Source/scheduler.o
 .group         0x00000000        0x8 Source/scheduler.o
 .group         0x00000000        0x8 Source/scheduler.o
 .group         0x00000000        0x8 Source/scheduler.o
 .group         0x00000000        0x8 Source/scheduler.o
 .group         0x00000000        0x8 Source/scheduler.o
 .group         0x00000000        0x8 Source/scheduler.o
 .group         0x00000000        0x8 Source/scheduler.o
 .group         0x00000000        0x8 Source/scheduler.o
 .group         0x00000000        0x8 Source/scheduler.o
 .group         0x00000000        0x8 Source/scheduler.o
 .group         0x00000000        0x8 Source/scheduler.o
 .text          0x00000000        0x0 Source/scheduler.o
 .data          0x00000000        0x0 Source/scheduler.o
 .bss           0x00000000        0x0 Source/scheduler.o
 .debug_macro   0x00000000      0xa30 Source/scheduler.o
 .debug_macro   0x00000000       0x10 Source/scheduler.o
 .debug_macro   0x00000000      0x1ad Source/scheduler.o
 .debug_macro   0x00000000      0x293 Source/scheduler.o
 .debug_macro   0x00000000       0x9e Source/scheduler.o
 .debug_macro   0x00000000     0x13ae Source/scheduler.o
 .debug_macro   0x00000000      0x13a Source/scheduler.o
 .debug_macro   0x00000000       0xbd Source/scheduler.o
 .debug_macro   0x00000000       0x34 Source/scheduler.o
 .debug_macro   0x00000000       0x18 Source/scheduler.o
 .debug_macro   0x00000000       0x6c Source/scheduler.o
 .debug_macro   0x00000000       0x69 Source/scheduler.o
 .debug_macro   0x00000000       0x1c Source/scheduler.o
 .debug_macro   0x00000000       0x16 Source/scheduler.o
 .debug_macro   0x00000000       0x16 Source/scheduler.o
 .debug_macro   0x00000000       0x70 Source/scheduler.o
 .debug_macro   0x00000000       0x1c Source/scheduler.o
 .group         0x00000000        0x8 Source/segDisplay.o
 .group         0x00000000        0x8 Source/segDisplay.o
 .group         0x00000000        0x8 Source/segDisplay.o
 .group         0x00000000        0x8 Source/segDisplay.o
 .group         0x00000000        0x8 Source/segDisplay.o
 .group         0x00000000        0x8 Source/segDisplay.o
 .group         0x00000000        0x8 Source/segDisplay.o
 .group         0x00000000        0x8 Source/segDisplay.o
 .group         0x00000000        0x8 Source/segDisplay.o
 .group         0x00000000        0x8 Source/segDisplay.o
 .group         0x00000000        0x8 Source/segDisplay.o
 .text          0x00000000        0x0 Source/segDisplay.o
 .data          0x00000000        0x0 Source/segDisplay.o
 .bss           0x00000000        0x0 Source/segDisplay.o
 .debug_macro   0x00000000      0xa30 Source/segDisplay.o
 .debug_macro   0x00000000       0x10 Source/segDisplay.o
 .debug_macro   0x00000000      0x1ad Source/segDisplay.o
 .debug_macro   0x00000000      0x293 Source/segDisplay.o
 .debug_macro   0x00000000       0x9e Source/segDisplay.o
 .debug_macro   0x00000000     0x13ae Source/segDisplay.o
 .debug_macro   0x00000000      0x13a Source/segDisplay.o
 .debug_macro   0x00000000       0xbd Source/segDisplay.o
 .debug_macro   0x00000000       0x34 Source/segDisplay.o
 .debug_macro   0x00000000       0x18 Source/segDisplay.o
 .debug_macro   0x00000000       0x6c Source/segDisplay.o
 .group         0x00000000        0x8 Source/uart.o
 .group         0x00000000        0x8 Source/uart.o
 .group         0x00000000        0x8 Source/uart.o
 .group         0x00000000        0x8 Source/uart.o
 .group         0x00000000        0x8 Source/uart.o
 .group         0x00000000        0x8 Source/uart.o
 .group         0x00000000        0x8 Source/uart.o
 .group         0x00000000        0x8 Source/uart.o
 .group         0x00000000        0x8 Source/uart.o
 .group         0x00000000        0x8 Source/uart.o
 .group         0x00000000        0x8 Source/uart.o
 .group         0x00000000        0x8 Source/uart.o
 .group         0x00000000        0x8 Source/uart.o
 .group         0x00000000        0x8 Source/uart.o
 .group         0x00000000        0x8 Source/uart.o
 .group         0x00000000        0x8 Source/uart.o
 .group         0x00000000        0x8 Source/uart.o
 .group         0x00000000        0x8 Source/uart.o
 .text          0x00000000        0x0 Source/uart.o
 .data          0x00000000        0x0 Source/uart.o
 .bss           0x00000000        0x0 Source/uart.o
 .text.uart_receive
                0x00000000       0x10 Source/uart.o
 .text.uart_dataAvailable
                0x00000000       0x16 Source/uart.o
 .text.uart_flush
                0x00000000       0x14 Source/uart.o
 .debug_macro   0x00000000      0xa30 Source/uart.o
 .debug_macro   0x00000000       0x10 Source/uart.o
 .debug_macro   0x00000000      0x1ad Source/uart.o
 .debug_macro   0x00000000      0x293 Source/uart.o
 .debug_macro   0x00000000       0x9e Source/uart.o
 .debug_macro   0x00000000     0x13ae Source/uart.o
 .debug_macro   0x00000000      0x13a Source/uart.o
 .debug_macro   0x00000000       0xbd Source/uart.o
 .debug_macro   0x00000000       0x34 Source/uart.o
 .debug_macro   0x00000000       0x18 Source/uart.o
 .debug_macro   0x00000000       0x6c Source/uart.o
 .debug_macro   0x00000000       0x69 Source/uart.o
 .debug_macro   0x00000000       0x16 Source/uart.o
 .group         0x00000000        0x8 Source/util.o
 .group         0x00000000        0x8 Source/util.o
 .group         0x00000000        0x8 Source/util.o
 .group         0x00000000        0x8 Source/util.o
 .group         0x00000000        0x8 Source/util.o
 .group         0x00000000        0x8 Source/util.o
 .group         0x00000000        0x8 Source/util.o
 .group         0x00000000        0x8 Source/util.o
 .group         0x00000000        0x8 Source/util.o
 .group         0x00000000        0x8 Source/util.o
 .group         0x00000000        0x8 Source/util.o
 .group         0x00000000        0x8 Source/util.o
 .text          0x00000000        0x0 Source/util.o
 .data          0x00000000        0x0 Source/util.o
 .bss           0x00000000        0x0 Source/util.o
 .text.togle_Led
                0x00000000       0x1a Source/util.o
 .debug_macro   0x00000000      0xa30 Source/util.o
 .debug_macro   0x00000000       0x10 Source/util.o
 .debug_macro   0x00000000      0x1ad Source/util.o
 .debug_macro   0x00000000      0x293 Source/util.o
 .debug_macro   0x00000000       0x9e Source/util.o
 .debug_macro   0x00000000     0x13ae Source/util.o
 .debug_macro   0x00000000      0x13a Source/util.o
 .debug_macro   0x00000000       0xbd Source/util.o
 .debug_macro   0x00000000       0x34 Source/util.o
 .debug_macro   0x00000000       0x18 Source/util.o
 .debug_macro   0x00000000       0x6c Source/util.o
 .debug_macro   0x00000000       0x1c Source/util.o
 .group         0x00000000        0x8 Source/virtualTimers.o
 .group         0x00000000        0x8 Source/virtualTimers.o
 .group         0x00000000        0x8 Source/virtualTimers.o
 .group         0x00000000        0x8 Source/virtualTimers.o
 .group         0x00000000        0x8 Source/virtualTimers.o
 .group         0x00000000        0x8 Source/virtualTimers.o
 .group         0x00000000        0x8 Source/virtualTimers.o
 .group         0x00000000        0x8 Source/virtualTimers.o
 .group         0x00000000        0x8 Source/virtualTimers.o
 .group         0x00000000        0x8 Source/virtualTimers.o
 .group         0x00000000        0x8 Source/virtualTimers.o
 .group         0x00000000        0x8 Source/virtualTimers.o
 .group         0x00000000        0x8 Source/virtualTimers.o
 .group         0x00000000        0x8 Source/virtualTimers.o
 .text          0x00000000        0x0 Source/virtualTimers.o
 .data          0x00000000        0x0 Source/virtualTimers.o
 .bss           0x00000000        0x0 Source/virtualTimers.o
 .debug_macro   0x00000000      0xa30 Source/virtualTimers.o
 .debug_macro   0x00000000       0x10 Source/virtualTimers.o
 .debug_macro   0x00000000      0x1ad Source/virtualTimers.o
 .debug_macro   0x00000000      0x293 Source/virtualTimers.o
 .debug_macro   0x00000000       0x9e Source/virtualTimers.o
 .debug_macro   0x00000000     0x13ae Source/virtualTimers.o
 .debug_macro   0x00000000      0x13a Source/virtualTimers.o
 .debug_macro   0x00000000       0xbd Source/virtualTimers.o
 .debug_macro   0x00000000       0x34 Source/virtualTimers.o
 .debug_macro   0x00000000       0x18 Source/virtualTimers.o
 .debug_macro   0x00000000       0x6c Source/virtualTimers.o
 .debug_macro   0x00000000       0x1c Source/virtualTimers.o
 .debug_macro   0x00000000       0x70 Source/virtualTimers.o
 .debug_macro   0x00000000       0x1c Source/virtualTimers.o
 .group         0x00000000        0x8 src/ASF/common/boards/user_board/init.o
 .group         0x00000000        0x8 src/ASF/common/boards/user_board/init.o
 .group         0x00000000        0x8 src/ASF/common/boards/user_board/init.o
 .group         0x00000000        0x8 src/ASF/common/boards/user_board/init.o
 .group         0x00000000        0x8 src/ASF/common/boards/user_board/init.o
 .group         0x00000000        0x8 src/ASF/common/boards/user_board/init.o
 .group         0x00000000        0x8 src/ASF/common/boards/user_board/init.o
 .group         0x00000000        0x8 src/ASF/common/boards/user_board/init.o
 .group         0x00000000        0x8 src/ASF/common/boards/user_board/init.o
 .group         0x00000000        0x8 src/ASF/common/boards/user_board/init.o
 .group         0x00000000        0x8 src/ASF/common/boards/user_board/init.o
 .group         0x00000000        0x8 src/ASF/common/boards/user_board/init.o
 .group         0x00000000        0x8 src/ASF/common/boards/user_board/init.o
 .group         0x00000000        0x8 src/ASF/common/boards/user_board/init.o
 .group         0x00000000        0x8 src/ASF/common/boards/user_board/init.o
 .group         0x00000000        0x8 src/ASF/common/boards/user_board/init.o
 .group         0x00000000        0x8 src/ASF/common/boards/user_board/init.o
 .group         0x00000000        0x8 src/ASF/common/boards/user_board/init.o
 .group         0x00000000        0x8 src/ASF/common/boards/user_board/init.o
 .group         0x00000000        0x8 src/ASF/common/boards/user_board/init.o
 .group         0x00000000        0x8 src/ASF/common/boards/user_board/init.o
 .group         0x00000000        0x8 src/ASF/common/boards/user_board/init.o
 .group         0x00000000        0x8 src/ASF/common/boards/user_board/init.o
 .group         0x00000000        0x8 src/ASF/common/boards/user_board/init.o
 .group         0x00000000        0x8 src/ASF/common/boards/user_board/init.o
 .text          0x00000000        0x0 src/ASF/common/boards/user_board/init.o
 .data          0x00000000        0x0 src/ASF/common/boards/user_board/init.o
 .bss           0x00000000        0x0 src/ASF/common/boards/user_board/init.o
 .text.board_init
                0x00000000        0x2 src/ASF/common/boards/user_board/init.o
 .debug_info    0x00000000       0x7c src/ASF/common/boards/user_board/init.o
 .debug_abbrev  0x00000000       0x47 src/ASF/common/boards/user_board/init.o
 .debug_aranges
                0x00000000       0x20 src/ASF/common/boards/user_board/init.o
 .debug_ranges  0x00000000       0x10 src/ASF/common/boards/user_board/init.o
 .debug_macro   0x00000000      0x152 src/ASF/common/boards/user_board/init.o
 .debug_macro   0x00000000      0xa30 src/ASF/common/boards/user_board/init.o
 .debug_macro   0x00000000       0x10 src/ASF/common/boards/user_board/init.o
 .debug_macro   0x00000000      0x1ad src/ASF/common/boards/user_board/init.o
 .debug_macro   0x00000000      0x293 src/ASF/common/boards/user_board/init.o
 .debug_macro   0x00000000       0x9e src/ASF/common/boards/user_board/init.o
 .debug_macro   0x00000000     0x13ae src/ASF/common/boards/user_board/init.o
 .debug_macro   0x00000000      0x13a src/ASF/common/boards/user_board/init.o
 .debug_macro   0x00000000       0xbd src/ASF/common/boards/user_board/init.o
 .debug_macro   0x00000000       0x34 src/ASF/common/boards/user_board/init.o
 .debug_macro   0x00000000       0x18 src/ASF/common/boards/user_board/init.o
 .debug_macro   0x00000000       0x6c src/ASF/common/boards/user_board/init.o
 .debug_macro   0x00000000       0x22 src/ASF/common/boards/user_board/init.o
 .debug_macro   0x00000000      0x166 src/ASF/common/boards/user_board/init.o
 .debug_macro   0x00000000       0x1c src/ASF/common/boards/user_board/init.o
 .debug_macro   0x00000000       0x35 src/ASF/common/boards/user_board/init.o
 .debug_macro   0x00000000       0x66 src/ASF/common/boards/user_board/init.o
 .debug_macro   0x00000000      0x4ae src/ASF/common/boards/user_board/init.o
 .debug_macro   0x00000000       0x44 src/ASF/common/boards/user_board/init.o
 .debug_macro   0x00000000       0x69 src/ASF/common/boards/user_board/init.o
 .debug_macro   0x00000000       0x2c src/ASF/common/boards/user_board/init.o
 .debug_macro   0x00000000       0x10 src/ASF/common/boards/user_board/init.o
 .debug_macro   0x00000000       0xe2 src/ASF/common/boards/user_board/init.o
 .debug_macro   0x00000000       0x40 src/ASF/common/boards/user_board/init.o
 .debug_macro   0x00000000      0x100 src/ASF/common/boards/user_board/init.o
 .debug_macro   0x00000000      0x231 src/ASF/common/boards/user_board/init.o
 .debug_line    0x00000000      0x348 src/ASF/common/boards/user_board/init.o
 .debug_str     0x00000000     0xd9b7 src/ASF/common/boards/user_board/init.o
 .comment       0x00000000       0x31 src/ASF/common/boards/user_board/init.o
 .debug_frame   0x00000000       0x24 src/ASF/common/boards/user_board/init.o
 .text          0x00000000        0x0 d:/program_files/atmel toolchain/avr8 gcc/native/3.4.1061/avr8-gnu-toolchain/bin/../lib/gcc/avr/4.8.1/../../../../avr/lib/avr5\libm.a(addsf3.o)
 .data          0x00000000        0x0 d:/program_files/atmel toolchain/avr8 gcc/native/3.4.1061/avr8-gnu-toolchain/bin/../lib/gcc/avr/4.8.1/../../../../avr/lib/avr5\libm.a(addsf3.o)
 .bss           0x00000000        0x0 d:/program_files/atmel toolchain/avr8 gcc/native/3.4.1061/avr8-gnu-toolchain/bin/../lib/gcc/avr/4.8.1/../../../../avr/lib/avr5\libm.a(addsf3.o)
 .text          0x00000000        0x0 d:/program_files/atmel toolchain/avr8 gcc/native/3.4.1061/avr8-gnu-toolchain/bin/../lib/gcc/avr/4.8.1/../../../../avr/lib/avr5\libm.a(addsf3x.o)
 .data          0x00000000        0x0 d:/program_files/atmel toolchain/avr8 gcc/native/3.4.1061/avr8-gnu-toolchain/bin/../lib/gcc/avr/4.8.1/../../../../avr/lib/avr5\libm.a(addsf3x.o)
 .bss           0x00000000        0x0 d:/program_files/atmel toolchain/avr8 gcc/native/3.4.1061/avr8-gnu-toolchain/bin/../lib/gcc/avr/4.8.1/../../../../avr/lib/avr5\libm.a(addsf3x.o)
 .text          0x00000000        0x0 d:/program_files/atmel toolchain/avr8 gcc/native/3.4.1061/avr8-gnu-toolchain/bin/../lib/gcc/avr/4.8.1/../../../../avr/lib/avr5\libm.a(cmpsf2.o)
 .data          0x00000000        0x0 d:/program_files/atmel toolchain/avr8 gcc/native/3.4.1061/avr8-gnu-toolchain/bin/../lib/gcc/avr/4.8.1/../../../../avr/lib/avr5\libm.a(cmpsf2.o)
 .bss           0x00000000        0x0 d:/program_files/atmel toolchain/avr8 gcc/native/3.4.1061/avr8-gnu-toolchain/bin/../lib/gcc/avr/4.8.1/../../../../avr/lib/avr5\libm.a(cmpsf2.o)
 .text          0x00000000        0x0 d:/program_files/atmel toolchain/avr8 gcc/native/3.4.1061/avr8-gnu-toolchain/bin/../lib/gcc/avr/4.8.1/../../../../avr/lib/avr5\libm.a(divsf3.o)
 .data          0x00000000        0x0 d:/program_files/atmel toolchain/avr8 gcc/native/3.4.1061/avr8-gnu-toolchain/bin/../lib/gcc/avr/4.8.1/../../../../avr/lib/avr5\libm.a(divsf3.o)
 .bss           0x00000000        0x0 d:/program_files/atmel toolchain/avr8 gcc/native/3.4.1061/avr8-gnu-toolchain/bin/../lib/gcc/avr/4.8.1/../../../../avr/lib/avr5\libm.a(divsf3.o)
 .text          0x00000000        0x0 d:/program_files/atmel toolchain/avr8 gcc/native/3.4.1061/avr8-gnu-toolchain/bin/../lib/gcc/avr/4.8.1/../../../../avr/lib/avr5\libm.a(divsf3x.o)
 .data          0x00000000        0x0 d:/program_files/atmel toolchain/avr8 gcc/native/3.4.1061/avr8-gnu-toolchain/bin/../lib/gcc/avr/4.8.1/../../../../avr/lib/avr5\libm.a(divsf3x.o)
 .bss           0x00000000        0x0 d:/program_files/atmel toolchain/avr8 gcc/native/3.4.1061/avr8-gnu-toolchain/bin/../lib/gcc/avr/4.8.1/../../../../avr/lib/avr5\libm.a(divsf3x.o)
 .text          0x00000000        0x0 d:/program_files/atmel toolchain/avr8 gcc/native/3.4.1061/avr8-gnu-toolchain/bin/../lib/gcc/avr/4.8.1/../../../../avr/lib/avr5\libm.a(fixunssfsi.o)
 .data          0x00000000        0x0 d:/program_files/atmel toolchain/avr8 gcc/native/3.4.1061/avr8-gnu-toolchain/bin/../lib/gcc/avr/4.8.1/../../../../avr/lib/avr5\libm.a(fixunssfsi.o)
 .bss           0x00000000        0x0 d:/program_files/atmel toolchain/avr8 gcc/native/3.4.1061/avr8-gnu-toolchain/bin/../lib/gcc/avr/4.8.1/../../../../avr/lib/avr5\libm.a(fixunssfsi.o)
 .text          0x00000000        0x0 d:/program_files/atmel toolchain/avr8 gcc/native/3.4.1061/avr8-gnu-toolchain/bin/../lib/gcc/avr/4.8.1/../../../../avr/lib/avr5\libm.a(floatsisf.o)
 .data          0x00000000        0x0 d:/program_files/atmel toolchain/avr8 gcc/native/3.4.1061/avr8-gnu-toolchain/bin/../lib/gcc/avr/4.8.1/../../../../avr/lib/avr5\libm.a(floatsisf.o)
 .bss           0x00000000        0x0 d:/program_files/atmel toolchain/avr8 gcc/native/3.4.1061/avr8-gnu-toolchain/bin/../lib/gcc/avr/4.8.1/../../../../avr/lib/avr5\libm.a(floatsisf.o)
 .text          0x00000000        0x0 d:/program_files/atmel toolchain/avr8 gcc/native/3.4.1061/avr8-gnu-toolchain/bin/../lib/gcc/avr/4.8.1/../../../../avr/lib/avr5\libm.a(fp_cmp.o)
 .data          0x00000000        0x0 d:/program_files/atmel toolchain/avr8 gcc/native/3.4.1061/avr8-gnu-toolchain/bin/../lib/gcc/avr/4.8.1/../../../../avr/lib/avr5\libm.a(fp_cmp.o)
 .bss           0x00000000        0x0 d:/program_files/atmel toolchain/avr8 gcc/native/3.4.1061/avr8-gnu-toolchain/bin/../lib/gcc/avr/4.8.1/../../../../avr/lib/avr5\libm.a(fp_cmp.o)
 .text          0x00000000        0x0 d:/program_files/atmel toolchain/avr8 gcc/native/3.4.1061/avr8-gnu-toolchain/bin/../lib/gcc/avr/4.8.1/../../../../avr/lib/avr5\libm.a(fp_inf.o)
 .data          0x00000000        0x0 d:/program_files/atmel toolchain/avr8 gcc/native/3.4.1061/avr8-gnu-toolchain/bin/../lib/gcc/avr/4.8.1/../../../../avr/lib/avr5\libm.a(fp_inf.o)
 .bss           0x00000000        0x0 d:/program_files/atmel toolchain/avr8 gcc/native/3.4.1061/avr8-gnu-toolchain/bin/../lib/gcc/avr/4.8.1/../../../../avr/lib/avr5\libm.a(fp_inf.o)
 .text          0x00000000        0x0 d:/program_files/atmel toolchain/avr8 gcc/native/3.4.1061/avr8-gnu-toolchain/bin/../lib/gcc/avr/4.8.1/../../../../avr/lib/avr5\libm.a(fp_nan.o)
 .data          0x00000000        0x0 d:/program_files/atmel toolchain/avr8 gcc/native/3.4.1061/avr8-gnu-toolchain/bin/../lib/gcc/avr/4.8.1/../../../../avr/lib/avr5\libm.a(fp_nan.o)
 .bss           0x00000000        0x0 d:/program_files/atmel toolchain/avr8 gcc/native/3.4.1061/avr8-gnu-toolchain/bin/../lib/gcc/avr/4.8.1/../../../../avr/lib/avr5\libm.a(fp_nan.o)
 .text          0x00000000        0x0 d:/program_files/atmel toolchain/avr8 gcc/native/3.4.1061/avr8-gnu-toolchain/bin/../lib/gcc/avr/4.8.1/../../../../avr/lib/avr5\libm.a(fp_pscA.o)
 .data          0x00000000        0x0 d:/program_files/atmel toolchain/avr8 gcc/native/3.4.1061/avr8-gnu-toolchain/bin/../lib/gcc/avr/4.8.1/../../../../avr/lib/avr5\libm.a(fp_pscA.o)
 .bss           0x00000000        0x0 d:/program_files/atmel toolchain/avr8 gcc/native/3.4.1061/avr8-gnu-toolchain/bin/../lib/gcc/avr/4.8.1/../../../../avr/lib/avr5\libm.a(fp_pscA.o)
 .text          0x00000000        0x0 d:/program_files/atmel toolchain/avr8 gcc/native/3.4.1061/avr8-gnu-toolchain/bin/../lib/gcc/avr/4.8.1/../../../../avr/lib/avr5\libm.a(fp_pscB.o)
 .data          0x00000000        0x0 d:/program_files/atmel toolchain/avr8 gcc/native/3.4.1061/avr8-gnu-toolchain/bin/../lib/gcc/avr/4.8.1/../../../../avr/lib/avr5\libm.a(fp_pscB.o)
 .bss           0x00000000        0x0 d:/program_files/atmel toolchain/avr8 gcc/native/3.4.1061/avr8-gnu-toolchain/bin/../lib/gcc/avr/4.8.1/../../../../avr/lib/avr5\libm.a(fp_pscB.o)
 .text          0x00000000        0x0 d:/program_files/atmel toolchain/avr8 gcc/native/3.4.1061/avr8-gnu-toolchain/bin/../lib/gcc/avr/4.8.1/../../../../avr/lib/avr5\libm.a(fp_round.o)
 .data          0x00000000        0x0 d:/program_files/atmel toolchain/avr8 gcc/native/3.4.1061/avr8-gnu-toolchain/bin/../lib/gcc/avr/4.8.1/../../../../avr/lib/avr5\libm.a(fp_round.o)
 .bss           0x00000000        0x0 d:/program_files/atmel toolchain/avr8 gcc/native/3.4.1061/avr8-gnu-toolchain/bin/../lib/gcc/avr/4.8.1/../../../../avr/lib/avr5\libm.a(fp_round.o)
 .text          0x00000000        0x0 d:/program_files/atmel toolchain/avr8 gcc/native/3.4.1061/avr8-gnu-toolchain/bin/../lib/gcc/avr/4.8.1/../../../../avr/lib/avr5\libm.a(fp_split3.o)
 .data          0x00000000        0x0 d:/program_files/atmel toolchain/avr8 gcc/native/3.4.1061/avr8-gnu-toolchain/bin/../lib/gcc/avr/4.8.1/../../../../avr/lib/avr5\libm.a(fp_split3.o)
 .bss           0x00000000        0x0 d:/program_files/atmel toolchain/avr8 gcc/native/3.4.1061/avr8-gnu-toolchain/bin/../lib/gcc/avr/4.8.1/../../../../avr/lib/avr5\libm.a(fp_split3.o)
 .text          0x00000000        0x0 d:/program_files/atmel toolchain/avr8 gcc/native/3.4.1061/avr8-gnu-toolchain/bin/../lib/gcc/avr/4.8.1/../../../../avr/lib/avr5\libm.a(fp_zero.o)
 .data          0x00000000        0x0 d:/program_files/atmel toolchain/avr8 gcc/native/3.4.1061/avr8-gnu-toolchain/bin/../lib/gcc/avr/4.8.1/../../../../avr/lib/avr5\libm.a(fp_zero.o)
 .bss           0x00000000        0x0 d:/program_files/atmel toolchain/avr8 gcc/native/3.4.1061/avr8-gnu-toolchain/bin/../lib/gcc/avr/4.8.1/../../../../avr/lib/avr5\libm.a(fp_zero.o)
 .text          0x00000000        0x0 d:/program_files/atmel toolchain/avr8 gcc/native/3.4.1061/avr8-gnu-toolchain/bin/../lib/gcc/avr/4.8.1/../../../../avr/lib/avr5\libm.a(gesf2.o)
 .data          0x00000000        0x0 d:/program_files/atmel toolchain/avr8 gcc/native/3.4.1061/avr8-gnu-toolchain/bin/../lib/gcc/avr/4.8.1/../../../../avr/lib/avr5\libm.a(gesf2.o)
 .bss           0x00000000        0x0 d:/program_files/atmel toolchain/avr8 gcc/native/3.4.1061/avr8-gnu-toolchain/bin/../lib/gcc/avr/4.8.1/../../../../avr/lib/avr5\libm.a(gesf2.o)
 .text          0x00000000        0x0 d:/program_files/atmel toolchain/avr8 gcc/native/3.4.1061/avr8-gnu-toolchain/bin/../lib/gcc/avr/4.8.1/../../../../avr/lib/avr5\libm.a(mulsf3.o)
 .data          0x00000000        0x0 d:/program_files/atmel toolchain/avr8 gcc/native/3.4.1061/avr8-gnu-toolchain/bin/../lib/gcc/avr/4.8.1/../../../../avr/lib/avr5\libm.a(mulsf3.o)
 .bss           0x00000000        0x0 d:/program_files/atmel toolchain/avr8 gcc/native/3.4.1061/avr8-gnu-toolchain/bin/../lib/gcc/avr/4.8.1/../../../../avr/lib/avr5\libm.a(mulsf3.o)
 .text          0x00000000        0x0 d:/program_files/atmel toolchain/avr8 gcc/native/3.4.1061/avr8-gnu-toolchain/bin/../lib/gcc/avr/4.8.1/../../../../avr/lib/avr5\libm.a(mulsf3x.o)
 .data          0x00000000        0x0 d:/program_files/atmel toolchain/avr8 gcc/native/3.4.1061/avr8-gnu-toolchain/bin/../lib/gcc/avr/4.8.1/../../../../avr/lib/avr5\libm.a(mulsf3x.o)
 .bss           0x00000000        0x0 d:/program_files/atmel toolchain/avr8 gcc/native/3.4.1061/avr8-gnu-toolchain/bin/../lib/gcc/avr/4.8.1/../../../../avr/lib/avr5\libm.a(mulsf3x.o)
 .text          0x00000000        0x0 d:/program_files/atmel toolchain/avr8 gcc/native/3.4.1061/avr8-gnu-toolchain/bin/../lib/gcc/avr/4.8.1/avr5\libgcc.a(_exit.o)
 .data          0x00000000        0x0 d:/program_files/atmel toolchain/avr8 gcc/native/3.4.1061/avr8-gnu-toolchain/bin/../lib/gcc/avr/4.8.1/avr5\libgcc.a(_exit.o)
 .bss           0x00000000        0x0 d:/program_files/atmel toolchain/avr8 gcc/native/3.4.1061/avr8-gnu-toolchain/bin/../lib/gcc/avr/4.8.1/avr5\libgcc.a(_exit.o)
 .text.libgcc.mul
                0x00000000        0x0 d:/program_files/atmel toolchain/avr8 gcc/native/3.4.1061/avr8-gnu-toolchain/bin/../lib/gcc/avr/4.8.1/avr5\libgcc.a(_exit.o)
 .text.libgcc.div
                0x00000000        0x0 d:/program_files/atmel toolchain/avr8 gcc/native/3.4.1061/avr8-gnu-toolchain/bin/../lib/gcc/avr/4.8.1/avr5\libgcc.a(_exit.o)
 .text.libgcc   0x00000000        0x0 d:/program_files/atmel toolchain/avr8 gcc/native/3.4.1061/avr8-gnu-toolchain/bin/../lib/gcc/avr/4.8.1/avr5\libgcc.a(_exit.o)
 .text.libgcc.prologue
                0x00000000        0x0 d:/program_files/atmel toolchain/avr8 gcc/native/3.4.1061/avr8-gnu-toolchain/bin/../lib/gcc/avr/4.8.1/avr5\libgcc.a(_exit.o)
 .text.libgcc.builtins
                0x00000000        0x0 d:/program_files/atmel toolchain/avr8 gcc/native/3.4.1061/avr8-gnu-toolchain/bin/../lib/gcc/avr/4.8.1/avr5\libgcc.a(_exit.o)
 .text.libgcc.fmul
                0x00000000        0x0 d:/program_files/atmel toolchain/avr8 gcc/native/3.4.1061/avr8-gnu-toolchain/bin/../lib/gcc/avr/4.8.1/avr5\libgcc.a(_exit.o)
 .text.libgcc.fixed
                0x00000000        0x0 d:/program_files/atmel toolchain/avr8 gcc/native/3.4.1061/avr8-gnu-toolchain/bin/../lib/gcc/avr/4.8.1/avr5\libgcc.a(_exit.o)
 .text          0x00000000        0x0 d:/program_files/atmel toolchain/avr8 gcc/native/3.4.1061/avr8-gnu-toolchain/bin/../lib/gcc/avr/4.8.1/avr5\libgcc.a(_copy_data.o)
 .data          0x00000000        0x0 d:/program_files/atmel toolchain/avr8 gcc/native/3.4.1061/avr8-gnu-toolchain/bin/../lib/gcc/avr/4.8.1/avr5\libgcc.a(_copy_data.o)
 .bss           0x00000000        0x0 d:/program_files/atmel toolchain/avr8 gcc/native/3.4.1061/avr8-gnu-toolchain/bin/../lib/gcc/avr/4.8.1/avr5\libgcc.a(_copy_data.o)
 .text.libgcc.mul
                0x00000000        0x0 d:/program_files/atmel toolchain/avr8 gcc/native/3.4.1061/avr8-gnu-toolchain/bin/../lib/gcc/avr/4.8.1/avr5\libgcc.a(_copy_data.o)
 .text.libgcc.div
                0x00000000        0x0 d:/program_files/atmel toolchain/avr8 gcc/native/3.4.1061/avr8-gnu-toolchain/bin/../lib/gcc/avr/4.8.1/avr5\libgcc.a(_copy_data.o)
 .text.libgcc   0x00000000        0x0 d:/program_files/atmel toolchain/avr8 gcc/native/3.4.1061/avr8-gnu-toolchain/bin/../lib/gcc/avr/4.8.1/avr5\libgcc.a(_copy_data.o)
 .text.libgcc.prologue
                0x00000000        0x0 d:/program_files/atmel toolchain/avr8 gcc/native/3.4.1061/avr8-gnu-toolchain/bin/../lib/gcc/avr/4.8.1/avr5\libgcc.a(_copy_data.o)
 .text.libgcc.builtins
                0x00000000        0x0 d:/program_files/atmel toolchain/avr8 gcc/native/3.4.1061/avr8-gnu-toolchain/bin/../lib/gcc/avr/4.8.1/avr5\libgcc.a(_copy_data.o)
 .text.libgcc.fmul
                0x00000000        0x0 d:/program_files/atmel toolchain/avr8 gcc/native/3.4.1061/avr8-gnu-toolchain/bin/../lib/gcc/avr/4.8.1/avr5\libgcc.a(_copy_data.o)
 .text.libgcc.fixed
                0x00000000        0x0 d:/program_files/atmel toolchain/avr8 gcc/native/3.4.1061/avr8-gnu-toolchain/bin/../lib/gcc/avr/4.8.1/avr5\libgcc.a(_copy_data.o)
 .text          0x00000000        0x0 d:/program_files/atmel toolchain/avr8 gcc/native/3.4.1061/avr8-gnu-toolchain/bin/../lib/gcc/avr/4.8.1/avr5\libgcc.a(_clear_bss.o)
 .data          0x00000000        0x0 d:/program_files/atmel toolchain/avr8 gcc/native/3.4.1061/avr8-gnu-toolchain/bin/../lib/gcc/avr/4.8.1/avr5\libgcc.a(_clear_bss.o)
 .bss           0x00000000        0x0 d:/program_files/atmel toolchain/avr8 gcc/native/3.4.1061/avr8-gnu-toolchain/bin/../lib/gcc/avr/4.8.1/avr5\libgcc.a(_clear_bss.o)
 .text.libgcc.mul
                0x00000000        0x0 d:/program_files/atmel toolchain/avr8 gcc/native/3.4.1061/avr8-gnu-toolchain/bin/../lib/gcc/avr/4.8.1/avr5\libgcc.a(_clear_bss.o)
 .text.libgcc.div
                0x00000000        0x0 d:/program_files/atmel toolchain/avr8 gcc/native/3.4.1061/avr8-gnu-toolchain/bin/../lib/gcc/avr/4.8.1/avr5\libgcc.a(_clear_bss.o)
 .text.libgcc   0x00000000        0x0 d:/program_files/atmel toolchain/avr8 gcc/native/3.4.1061/avr8-gnu-toolchain/bin/../lib/gcc/avr/4.8.1/avr5\libgcc.a(_clear_bss.o)
 .text.libgcc.prologue
                0x00000000        0x0 d:/program_files/atmel toolchain/avr8 gcc/native/3.4.1061/avr8-gnu-toolchain/bin/../lib/gcc/avr/4.8.1/avr5\libgcc.a(_clear_bss.o)
 .text.libgcc.builtins
                0x00000000        0x0 d:/program_files/atmel toolchain/avr8 gcc/native/3.4.1061/avr8-gnu-toolchain/bin/../lib/gcc/avr/4.8.1/avr5\libgcc.a(_clear_bss.o)
 .text.libgcc.fmul
                0x00000000        0x0 d:/program_files/atmel toolchain/avr8 gcc/native/3.4.1061/avr8-gnu-toolchain/bin/../lib/gcc/avr/4.8.1/avr5\libgcc.a(_clear_bss.o)
 .text.libgcc.fixed
                0x00000000        0x0 d:/program_files/atmel toolchain/avr8 gcc/native/3.4.1061/avr8-gnu-toolchain/bin/../lib/gcc/avr/4.8.1/avr5\libgcc.a(_clear_bss.o)
 .text          0x00000000        0x0 d:/program_files/atmel toolchain/avr8 gcc/native/3.4.1061/avr8-gnu-toolchain/bin/../lib/gcc/avr/4.8.1/avr5\libgcc.a(_umulhisi3.o)
 .data          0x00000000        0x0 d:/program_files/atmel toolchain/avr8 gcc/native/3.4.1061/avr8-gnu-toolchain/bin/../lib/gcc/avr/4.8.1/avr5\libgcc.a(_umulhisi3.o)
 .bss           0x00000000        0x0 d:/program_files/atmel toolchain/avr8 gcc/native/3.4.1061/avr8-gnu-toolchain/bin/../lib/gcc/avr/4.8.1/avr5\libgcc.a(_umulhisi3.o)
 .text.libgcc.div
                0x00000000        0x0 d:/program_files/atmel toolchain/avr8 gcc/native/3.4.1061/avr8-gnu-toolchain/bin/../lib/gcc/avr/4.8.1/avr5\libgcc.a(_umulhisi3.o)
 .text.libgcc   0x00000000        0x0 d:/program_files/atmel toolchain/avr8 gcc/native/3.4.1061/avr8-gnu-toolchain/bin/../lib/gcc/avr/4.8.1/avr5\libgcc.a(_umulhisi3.o)
 .text.libgcc.prologue
                0x00000000        0x0 d:/program_files/atmel toolchain/avr8 gcc/native/3.4.1061/avr8-gnu-toolchain/bin/../lib/gcc/avr/4.8.1/avr5\libgcc.a(_umulhisi3.o)
 .text.libgcc.builtins
                0x00000000        0x0 d:/program_files/atmel toolchain/avr8 gcc/native/3.4.1061/avr8-gnu-toolchain/bin/../lib/gcc/avr/4.8.1/avr5\libgcc.a(_umulhisi3.o)
 .text.libgcc.fmul
                0x00000000        0x0 d:/program_files/atmel toolchain/avr8 gcc/native/3.4.1061/avr8-gnu-toolchain/bin/../lib/gcc/avr/4.8.1/avr5\libgcc.a(_umulhisi3.o)
 .text.libgcc.fixed
                0x00000000        0x0 d:/program_files/atmel toolchain/avr8 gcc/native/3.4.1061/avr8-gnu-toolchain/bin/../lib/gcc/avr/4.8.1/avr5\libgcc.a(_umulhisi3.o)

Memory Configuration

Name             Origin             Length             Attributes
text             0x00000000         0x00020000         xr
data             0x00800060         0x0000ffa0         rw !x
eeprom           0x00810000         0x00010000         rw !x
fuse             0x00820000         0x00000400         rw !x
lock             0x00830000         0x00000400         rw !x
signature        0x00840000         0x00000400         rw !x
user_signatures  0x00850000         0x00000400         rw !x
*default*        0x00000000         0xffffffff

Linker script and memory map

Address of section .data set to 0x800100
LOAD d:/program_files/atmel toolchain/avr8 gcc/native/3.4.1061/avr8-gnu-toolchain/bin/../lib/gcc/avr/4.8.1/../../../../avr/lib/avr5/crtm328p.o
LOAD PS1.o
LOAD Source/adc.o
LOAD Source/eeprom.o
LOAD Source/init.o
LOAD Source/isr.o
LOAD Source/scheduler.o
LOAD Source/segDisplay.o
LOAD Source/uart.o
LOAD Source/util.o
LOAD Source/virtualTimers.o
LOAD src/ASF/common/boards/user_board/init.o
START GROUP
LOAD d:/program_files/atmel toolchain/avr8 gcc/native/3.4.1061/avr8-gnu-toolchain/bin/../lib/gcc/avr/4.8.1/../../../../avr/lib/avr5\libm.a
END GROUP
START GROUP
LOAD d:/program_files/atmel toolchain/avr8 gcc/native/3.4.1061/avr8-gnu-toolchain/bin/../lib/gcc/avr/4.8.1/avr5\libgcc.a
LOAD d:/program_files/atmel toolchain/avr8 gcc/native/3.4.1061/avr8-gnu-toolchain/bin/../lib/gcc/avr/4.8.1/../../../../avr/lib/avr5\libm.a
LOAD d:/program_files/atmel toolchain/avr8 gcc/native/3.4.1061/avr8-gnu-toolchain/bin/../lib/gcc/avr/4.8.1/../../../../avr/lib/avr5\libc.a
END GROUP

.hash
 *(.hash)

.dynsym
 *(.dynsym)

.dynstr
 *(.dynstr)

.gnu.version
 *(.gnu.version)

.gnu.version_d
 *(.gnu.version_d)

.gnu.version_r
 *(.gnu.version_r)

.rel.init
 *(.rel.init)

.rela.init
 *(.rela.init)

.rel.text
 *(.rel.text)
 *(.rel.text.*)
 *(.rel.gnu.linkonce.t*)

.rela.text
 *(.rela.text)
 *(.rela.text.*)
 *(.rela.gnu.linkonce.t*)

.rel.fini
 *(.rel.fini)

.rela.fini
 *(.rela.fini)

.rel.rodata
 *(.rel.rodata)
 *(.rel.rodata.*)
 *(.rel.gnu.linkonce.r*)

.rela.rodata
 *(.rela.rodata)
 *(.rela.rodata.*)
 *(.rela.gnu.linkonce.r*)

.rel.data
 *(.rel.data)
 *(.rel.data.*)
 *(.rel.gnu.linkonce.d*)

.rela.data
 *(.rela.data)
 *(.rela.data.*)
 *(.rela.gnu.linkonce.d*)

.rel.ctors
 *(.rel.ctors)

.rela.ctors
 *(.rela.ctors)

.rel.dtors
 *(.rel.dtors)

.rela.dtors
 *(.rela.dtors)

.rel.got
 *(.rel.got)

.rela.got
 *(.rela.got)

.rel.bss
 *(.rel.bss)

.rela.bss
 *(.rela.bss)

.rel.plt
 *(.rel.plt)

.rela.plt
 *(.rela.plt)

.text           0x00000000      0xe8e
 *(.vectors)
 .vectors       0x00000000       0x68 d:/program_files/atmel toolchain/avr8 gcc/native/3.4.1061/avr8-gnu-toolchain/bin/../lib/gcc/avr/4.8.1/../../../../avr/lib/avr5/crtm328p.o
                0x00000000                __vector_default
                0x00000000                __vectors
 *(.vectors)
 *(.progmem.gcc*)
                0x00000068                . = ALIGN (0x2)
                0x00000068                __trampolines_start = .
 *(.trampolines)
 .trampolines   0x00000068        0x0 linker stubs
 *(.trampolines*)
                0x00000068                __trampolines_end = .
 *(.progmem*)
                0x00000068                . = ALIGN (0x2)
 *(.jumptables)
 *(.jumptables*)
 *(.lowtext)
 *(.lowtext*)
                0x00000068                __ctors_start = .
 *(.ctors)
                0x00000068                __ctors_end = .
                0x00000068                __dtors_start = .
 *(.dtors)
                0x00000068                __dtors_end = .
 SORT(*)(.ctors)
 SORT(*)(.dtors)
 *(.init0)
 .init0         0x00000068        0x0 d:/program_files/atmel toolchain/avr8 gcc/native/3.4.1061/avr8-gnu-toolchain/bin/../lib/gcc/avr/4.8.1/../../../../avr/lib/avr5/crtm328p.o
                0x00000068                __init
 *(.init0)
 *(.init1)
 *(.init1)
 *(.init2)
 .init2         0x00000068        0xc d:/program_files/atmel toolchain/avr8 gcc/native/3.4.1061/avr8-gnu-toolchain/bin/../lib/gcc/avr/4.8.1/../../../../avr/lib/avr5/crtm328p.o
 *(.init2)
 *(.init3)
 *(.init3)
 *(.init4)
 .init4         0x00000074       0x16 d:/program_files/atmel toolchain/avr8 gcc/native/3.4.1061/avr8-gnu-toolchain/bin/../lib/gcc/avr/4.8.1/avr5\libgcc.a(_copy_data.o)
                0x00000074                __do_copy_data
 .init4         0x0000008a       0x10 d:/program_files/atmel toolchain/avr8 gcc/native/3.4.1061/avr8-gnu-toolchain/bin/../lib/gcc/avr/4.8.1/avr5\libgcc.a(_clear_bss.o)
                0x0000008a                __do_clear_bss
 *(.init4)
 *(.init5)
 *(.init5)
 *(.init6)
 *(.init6)
 *(.init7)
 *(.init7)
 *(.init8)
 *(.init8)
 *(.init9)
 .init9         0x0000009a        0x4 d:/program_files/atmel toolchain/avr8 gcc/native/3.4.1061/avr8-gnu-toolchain/bin/../lib/gcc/avr/4.8.1/../../../../avr/lib/avr5/crtm328p.o
 *(.init9)
 *(.text)
 .text          0x0000009e        0x2 d:/program_files/atmel toolchain/avr8 gcc/native/3.4.1061/avr8-gnu-toolchain/bin/../lib/gcc/avr/4.8.1/../../../../avr/lib/avr5/crtm328p.o
                0x0000009e                __vector_22
                0x0000009e                __vector_1
                0x0000009e                __vector_24
                0x0000009e                __vector_12
                0x0000009e                __bad_interrupt
                0x0000009e                __vector_6
                0x0000009e                __vector_3
                0x0000009e                __vector_23
                0x0000009e                __vector_25
                0x0000009e                __vector_13
                0x0000009e                __vector_17
                0x0000009e                __vector_19
                0x0000009e                __vector_7
                0x0000009e                __vector_5
                0x0000009e                __vector_9
                0x0000009e                __vector_2
                0x0000009e                __vector_21
                0x0000009e                __vector_15
                0x0000009e                __vector_8
                0x0000009e                __vector_10
                0x0000009e                __vector_16
                0x0000009e                __vector_20
                0x000000a0                . = ALIGN (0x2)
 *(.text.*)
 .text.main     0x000000a0       0x12 PS1.o
                0x000000a0                main
 .text.adcRead  0x000000b2       0x42 Source/adc.o
                0x000000b2                adcRead
 .text.adcToCelsius
                0x000000f4       0x14 Source/adc.o
                0x000000f4                adcToCelsius
 .text.adcGetPrescription
                0x00000108       0x14 Source/adc.o
                0x00000108                adcGetPrescription
 .text.adc_printValue
                0x0000011c      0x1b0 Source/adc.o
                0x0000011c                adc_printValue
 .text.eeprom_write
                0x000002cc       0x10 Source/eeprom.o
                0x000002cc                eeprom_write
 .text.eeprom_read
                0x000002dc        0xe Source/eeprom.o
                0x000002dc                eeprom_read
 .text.initDisplay
                0x000002ea       0x16 Source/init.o
                0x000002ea                initDisplay
 .text.initLeds
                0x00000300        0xe Source/init.o
                0x00000300                initLeds
 .text.initPWM  0x0000030e       0x16 Source/init.o
                0x0000030e                initPWM
 .text.initPeriodical
                0x00000324       0x2c Source/init.o
                0x00000324                initPeriodical
 .text.initButtonISR
                0x00000350       0x1e Source/init.o
                0x00000350                initButtonISR
 .text.adcInit  0x0000036e       0x22 Source/init.o
                0x0000036e                adcInit
 .text.uart_init
                0x00000390       0x34 Source/init.o
                0x00000390                uart_init
 .text.__vector_18
                0x000003c4       0x3a Source/isr.o
                0x000003c4                __vector_18
 .text.__vector_11
                0x000003fe       0x58 Source/isr.o
                0x000003fe                __vector_11
 .text.__vector_14
                0x00000456       0x14 Source/isr.o
                0x00000456                __vector_14
 .text.__vector_4
                0x0000046a       0x22 Source/isr.o
                0x0000046a                __vector_4
 .text.resetDisplay
                0x0000048c       0x1a Source/scheduler.o
                0x0000048c                resetDisplay
 .text.incrementDisplay
                0x000004a6       0x62 Source/scheduler.o
                0x000004a6                incrementDisplay
 .text.checkVirtualTimers
                0x00000508       0x88 Source/scheduler.o
                0x00000508                checkVirtualTimers
 .text.scheduler
                0x00000590      0x306 Source/scheduler.o
                0x00000590                scheduler
 .text.clear    0x00000896        0xe Source/segDisplay.o
                0x00000896                clear
 .text.display  0x000008a4       0x4a Source/segDisplay.o
                0x000008a4                display
 .text.uart_transmit
                0x000008ee       0x10 Source/uart.o
                0x000008ee                uart_transmit
 .text.uart_print
                0x000008fe       0x34 Source/uart.o
                0x000008fe                uart_print
 .text.led_ON   0x00000932       0x18 Source/util.o
                0x00000932                led_ON
 .text.led_OFF  0x0000094a       0x1a Source/util.o
                0x0000094a                led_OFF
 .text.check_Led3
                0x00000964       0x2a Source/util.o
                0x00000964                check_Led3
 .text.getLedState
                0x0000098e        0x6 Source/util.o
                0x0000098e                getLedState
 .text.initVirtualTimers
                0x00000994       0x3a Source/virtualTimers.o
                0x00000994                initVirtualTimers
 .text.startNewVirtualTimer
                0x000009ce       0x46 Source/virtualTimers.o
                0x000009ce                startNewVirtualTimer
 .text.stopVirtualTimer
                0x00000a14       0x2c Source/virtualTimers.o
                0x00000a14                stopVirtualTimer
 .text.avr-libc.fplib
                0x00000a40        0xa d:/program_files/atmel toolchain/avr8 gcc/native/3.4.1061/avr8-gnu-toolchain/bin/../lib/gcc/avr/4.8.1/../../../../avr/lib/avr5\libm.a(addsf3.o)
                0x00000a40                __subsf3
                0x00000a42                __addsf3
 .text.avr-libc.fplib
                0x00000a4a       0xc0 d:/program_files/atmel toolchain/avr8 gcc/native/3.4.1061/avr8-gnu-toolchain/bin/../lib/gcc/avr/4.8.1/../../../../avr/lib/avr5\libm.a(addsf3x.o)
                0x00000a64                __addsf3x
 .text.avr-libc.fplib
                0x00000b0a        0x8 d:/program_files/atmel toolchain/avr8 gcc/native/3.4.1061/avr8-gnu-toolchain/bin/../lib/gcc/avr/4.8.1/../../../../avr/lib/avr5\libm.a(cmpsf2.o)
                0x00000b0a                __nesf2
                0x00000b0a                __eqsf2
                0x00000b0a                __cmpsf2
                0x00000b0a                __ltsf2
                0x00000b0a                __lesf2
 .text.avr-libc.fplib
                0x00000b12        0x4 d:/program_files/atmel toolchain/avr8 gcc/native/3.4.1061/avr8-gnu-toolchain/bin/../lib/gcc/avr/4.8.1/../../../../avr/lib/avr5\libm.a(divsf3.o)
                0x00000b12                __divsf3
 .text.avr-libc.fplib
                0x00000b16       0xcc d:/program_files/atmel toolchain/avr8 gcc/native/3.4.1061/avr8-gnu-toolchain/bin/../lib/gcc/avr/4.8.1/../../../../avr/lib/avr5\libm.a(divsf3x.o)
                0x00000b2c                __divsf3x
                0x00000b30                __divsf3_pse
 .text.avr-libc.fplib
                0x00000be2       0x58 d:/program_files/atmel toolchain/avr8 gcc/native/3.4.1061/avr8-gnu-toolchain/bin/../lib/gcc/avr/4.8.1/../../../../avr/lib/avr5\libm.a(fixunssfsi.o)
                0x00000be2                __fixunssfsi
 .text.avr-libc.fplib
                0x00000c3a       0x7a d:/program_files/atmel toolchain/avr8 gcc/native/3.4.1061/avr8-gnu-toolchain/bin/../lib/gcc/avr/4.8.1/../../../../avr/lib/avr5\libm.a(floatsisf.o)
                0x00000c3a                __floatunsisf
                0x00000c3e                __floatsisf
 .text.avr-libc.fplib
                0x00000cb4       0x48 d:/program_files/atmel toolchain/avr8 gcc/native/3.4.1061/avr8-gnu-toolchain/bin/../lib/gcc/avr/4.8.1/../../../../avr/lib/avr5\libm.a(fp_cmp.o)
                0x00000cb4                __fp_cmp
 .text.avr-libc.fplib
                0x00000cfc        0xc d:/program_files/atmel toolchain/avr8 gcc/native/3.4.1061/avr8-gnu-toolchain/bin/../lib/gcc/avr/4.8.1/../../../../avr/lib/avr5\libm.a(fp_inf.o)
                0x00000cfc                __fp_inf
 .text.avr-libc.fplib
                0x00000d08        0x6 d:/program_files/atmel toolchain/avr8 gcc/native/3.4.1061/avr8-gnu-toolchain/bin/../lib/gcc/avr/4.8.1/../../../../avr/lib/avr5\libm.a(fp_nan.o)
                0x00000d08                __fp_nan
 .text.avr-libc.fplib
                0x00000d0e        0xe d:/program_files/atmel toolchain/avr8 gcc/native/3.4.1061/avr8-gnu-toolchain/bin/../lib/gcc/avr/4.8.1/../../../../avr/lib/avr5\libm.a(fp_pscA.o)
                0x00000d0e                __fp_pscA
 .text.avr-libc.fplib
                0x00000d1c        0xe d:/program_files/atmel toolchain/avr8 gcc/native/3.4.1061/avr8-gnu-toolchain/bin/../lib/gcc/avr/4.8.1/../../../../avr/lib/avr5\libm.a(fp_pscB.o)
                0x00000d1c                __fp_pscB
 .text.avr-libc.fplib
                0x00000d2a       0x22 d:/program_files/atmel toolchain/avr8 gcc/native/3.4.1061/avr8-gnu-toolchain/bin/../lib/gcc/avr/4.8.1/../../../../avr/lib/avr5\libm.a(fp_round.o)
                0x00000d2a                __fp_round
 .text.avr-libc.fplib
                0x00000d4c       0x44 d:/program_files/atmel toolchain/avr8 gcc/native/3.4.1061/avr8-gnu-toolchain/bin/../lib/gcc/avr/4.8.1/../../../../avr/lib/avr5\libm.a(fp_split3.o)
                0x00000d4c                __fp_split3
                0x00000d5c                __fp_splitA
 .text.avr-libc.fplib
                0x00000d90        0xe d:/program_files/atmel toolchain/avr8 gcc/native/3.4.1061/avr8-gnu-toolchain/bin/../lib/gcc/avr/4.8.1/../../../../avr/lib/avr5\libm.a(fp_zero.o)
                0x00000d90                __fp_zero
                0x00000d92                __fp_szero
 .text.avr-libc.fplib
                0x00000d9e        0x8 d:/program_files/atmel toolchain/avr8 gcc/native/3.4.1061/avr8-gnu-toolchain/bin/../lib/gcc/avr/4.8.1/../../../../avr/lib/avr5\libm.a(gesf2.o)
                0x00000d9e                __gesf2
                0x00000d9e                __gtsf2
 .text.avr-libc.fplib
                0x00000da6        0x4 d:/program_files/atmel toolchain/avr8 gcc/native/3.4.1061/avr8-gnu-toolchain/bin/../lib/gcc/avr/4.8.1/../../../../avr/lib/avr5\libm.a(mulsf3.o)
                0x00000da6                __mulsf3
 .text.avr-libc.fplib
                0x00000daa       0xc2 d:/program_files/atmel toolchain/avr8 gcc/native/3.4.1061/avr8-gnu-toolchain/bin/../lib/gcc/avr/4.8.1/../../../../avr/lib/avr5\libm.a(mulsf3x.o)
                0x00000dbe                __mulsf3x
                0x00000dc2                __mulsf3_pse
 .text.libgcc.mul
                0x00000e6c       0x1e d:/program_files/atmel toolchain/avr8 gcc/native/3.4.1061/avr8-gnu-toolchain/bin/../lib/gcc/avr/4.8.1/avr5\libgcc.a(_umulhisi3.o)
                0x00000e6c                __umulhisi3
                0x00000e8a                . = ALIGN (0x2)
 *(.fini9)
 .fini9         0x00000e8a        0x0 d:/program_files/atmel toolchain/avr8 gcc/native/3.4.1061/avr8-gnu-toolchain/bin/../lib/gcc/avr/4.8.1/avr5\libgcc.a(_exit.o)
                0x00000e8a                _exit
                0x00000e8a                exit
 *(.fini9)
 *(.fini8)
 *(.fini8)
 *(.fini7)
 *(.fini7)
 *(.fini6)
 *(.fini6)
 *(.fini5)
 *(.fini5)
 *(.fini4)
 *(.fini4)
 *(.fini3)
 *(.fini3)
 *(.fini2)
 *(.fini2)
 *(.fini1)
 *(.fini1)
 *(.fini0)
 .fini0         0x00000e8a        0x4 d:/program_files/atmel toolchain/avr8 gcc/native/3.4.1061/avr8-gnu-toolchain/bin/../lib/gcc/avr/4.8.1/avr5\libgcc.a(_exit.o)
 *(.fini0)
                0x00000e8e                _etext = .

.data           0x00800100       0x20 load address 0x00000e8e
                0x00800100                PROVIDE (__data_start, .)
 *(.data)
 *(.data*)
 .data.temp     0x00800100        0x4 Source/scheduler.o
                0x00800100                temp
 *(.rodata)
 *(.rodata*)
 .rodata.str1.1
                0x00800104       0x12 Source/scheduler.o
 .rodata.segDisplay
                0x00800116        0xa Source/segDisplay.o
                0x00800116                segDisplay
 *(.gnu.linkonce.d*)
                0x00800120                . = ALIGN (0x2)
                0x00800120                _edata = .
                0x00800120                PROVIDE (__data_end, .)

.bss            0x00800120       0x60
                0x00800120                PROVIDE (__bss_start, .)
 *(.bss)
 *(.bss*)
 .bss.count     0x00800120        0x2 Source/isr.o
                0x00800120                count
 .bss.sum       0x00800122        0x4 Source/scheduler.o
                0x00800122                sum
 .bss.flags     0x00800126        0xa Source/scheduler.o
                0x00800126                flags
 .bss.buttonCount
                0x00800130        0x1 Source/segDisplay.o
                0x00800130                buttonCount
 *(COMMON)
 COMMON         0x00800131        0x2 Source/isr.o
                0x00800131                connected
                0x00800132                led3
 COMMON         0x00800133        0x7 Source/scheduler.o
                0x00800133                ledMode
                0x00800134                tempCount
                0x00800135                prescTemp
                0x00800139                led3State
 COMMON         0x0080013a       0x46 Source/virtualTimers.o
                0x0080013a                timers
                0x00800180                PROVIDE (__bss_end, .)
                0x00000e8e                __data_load_start = LOADADDR (.data)
                0x00000eae                __data_load_end = (__data_load_start + SIZEOF (.data))

.noinit         0x00800180        0x0
                0x00800180                PROVIDE (__noinit_start, .)
 *(.noinit*)
                0x00800180                PROVIDE (__noinit_end, .)
                0x00800180                _end = .
                0x00800180                PROVIDE (__heap_start, .)

.eeprom         0x00810000        0x0
 *(.eeprom*)
                0x00810000                __eeprom_end = .

.fuse
 *(.fuse)
 *(.lfuse)
 *(.hfuse)
 *(.efuse)

.lock
 *(.lock*)

.signature
 *(.signature*)

.user_signatures
 *(.user_signatures*)

.stab
 *(.stab)

.stabstr
 *(.stabstr)

.stab.excl
 *(.stab.excl)

.stab.exclstr
 *(.stab.exclstr)

.stab.index
 *(.stab.index)

.stab.indexstr
 *(.stab.indexstr)

.comment        0x00000000       0x30
 *(.comment)
 .comment       0x00000000       0x30 PS1.o
                                 0x31 (size before relaxing)
 .comment       0x00000000       0x31 Source/adc.o
 .comment       0x00000000       0x31 Source/eeprom.o
 .comment       0x00000000       0x31 Source/init.o
 .comment       0x00000000       0x31 Source/isr.o
 .comment       0x00000000       0x31 Source/scheduler.o
 .comment       0x00000000       0x31 Source/segDisplay.o
 .comment       0x00000000       0x31 Source/uart.o
 .comment       0x00000000       0x31 Source/util.o
 .comment       0x00000000       0x31 Source/virtualTimers.o

.note.gnu.build-id
 *(.note.gnu.build-id)

.debug
 *(.debug)

.line
 *(.line)

.debug_srcinfo
 *(.debug_srcinfo)

.debug_sfnames
 *(.debug_sfnames)

.debug_aranges  0x00000000      0x230
 *(.debug_aranges)
 .debug_aranges
                0x00000000       0x20 PS1.o
 .debug_aranges
                0x00000020       0x38 Source/adc.o
 .debug_aranges
                0x00000058       0x28 Source/eeprom.o
 .debug_aranges
                0x00000080       0x68 Source/init.o
 .debug_aranges
                0x000000e8       0x38 Source/isr.o
 .debug_aranges
                0x00000120       0x38 Source/scheduler.o
 .debug_aranges
                0x00000158       0x28 Source/segDisplay.o
 .debug_aranges
                0x00000180       0x40 Source/uart.o
 .debug_aranges
                0x000001c0       0x40 Source/util.o
 .debug_aranges
                0x00000200       0x30 Source/virtualTimers.o

.debug_pubnames
 *(.debug_pubnames)

.debug_info     0x00000000     0x135c
 *(.debug_info .gnu.linkonce.wi.*)
 .debug_info    0x00000000      0x11d PS1.o
 .debug_info    0x0000011d      0x285 Source/adc.o
 .debug_info    0x000003a2       0xe0 Source/eeprom.o
 .debug_info    0x00000482      0x1cb Source/init.o
 .debug_info    0x0000064d      0x155 Source/isr.o
 .debug_info    0x000007a2      0x5e1 Source/scheduler.o
 .debug_info    0x00000d83      0x12d Source/segDisplay.o
 .debug_info    0x00000eb0      0x141 Source/uart.o
 .debug_info    0x00000ff1      0x15b Source/util.o
 .debug_info    0x0000114c      0x210 Source/virtualTimers.o

.debug_abbrev   0x00000000      0x913
 *(.debug_abbrev)
 .debug_abbrev  0x00000000       0x67 PS1.o
 .debug_abbrev  0x00000067      0x153 Source/adc.o
 .debug_abbrev  0x000001ba       0x8e Source/eeprom.o
 .debug_abbrev  0x00000248       0xdd Source/init.o
 .debug_abbrev  0x00000325       0xb4 Source/isr.o
 .debug_abbrev  0x000003d9      0x188 Source/scheduler.o
 .debug_abbrev  0x00000561       0xe8 Source/segDisplay.o
 .debug_abbrev  0x00000649       0xd8 Source/uart.o
 .debug_abbrev  0x00000721       0xca Source/util.o
 .debug_abbrev  0x000007eb      0x128 Source/virtualTimers.o

.debug_line     0x00000000     0x1ed9
 *(.debug_line .debug_line.* .debug_line_end)
 .debug_line    0x00000000      0x29d PS1.o
 .debug_line    0x0000029d      0x332 Source/adc.o
 .debug_line    0x000005cf      0x264 Source/eeprom.o
 .debug_line    0x00000833      0x3e5 Source/init.o
 .debug_line    0x00000c18      0x2f9 Source/isr.o
 .debug_line    0x00000f11      0x4cc Source/scheduler.o
 .debug_line    0x000013dd      0x276 Source/segDisplay.o
 .debug_line    0x00001653      0x2ff Source/uart.o
 .debug_line    0x00001952      0x29a Source/util.o
 .debug_line    0x00001bec      0x2ed Source/virtualTimers.o

.debug_frame    0x00000000      0x470
 *(.debug_frame)
 .debug_frame   0x00000000       0x24 PS1.o
 .debug_frame   0x00000024       0x7c Source/adc.o
 .debug_frame   0x000000a0       0x34 Source/eeprom.o
 .debug_frame   0x000000d4       0xb4 Source/init.o
 .debug_frame   0x00000188       0xc8 Source/isr.o
 .debug_frame   0x00000250       0xac Source/scheduler.o
 .debug_frame   0x000002fc       0x3c Source/segDisplay.o
 .debug_frame   0x00000338       0x78 Source/uart.o
 .debug_frame   0x000003b0       0x64 Source/util.o
 .debug_frame   0x00000414       0x5c Source/virtualTimers.o

.debug_str      0x00000000     0x7225
 *(.debug_str)
 .debug_str     0x00000000     0x686d PS1.o
                               0x6918 (size before relaxing)
 .debug_str     0x0000686d       0x90 Source/adc.o
                               0x6526 (size before relaxing)
 .debug_str     0x000068fd       0x39 Source/eeprom.o
                               0x6463 (size before relaxing)
 .debug_str     0x00006936       0x4a Source/init.o
                               0x684d (size before relaxing)
 .debug_str     0x00006980      0x1cb Source/isr.o
                               0x6a8f (size before relaxing)
 .debug_str     0x00006b4b      0x110 Source/scheduler.o
                               0x6bd1 (size before relaxing)
 .debug_str     0x00006c5b       0x28 Source/segDisplay.o
                               0x6488 (size before relaxing)
 .debug_str     0x00006c83      0x563 Source/uart.o
                               0x6daf (size before relaxing)
 .debug_str     0x000071e6       0x1b Source/util.o
                               0x648c (size before relaxing)
 .debug_str     0x00007201       0x24 Source/virtualTimers.o
                               0x66a8 (size before relaxing)

.debug_loc      0x00000000      0x8bf
 *(.debug_loc)
 .debug_loc     0x00000000      0x345 Source/adc.o
 .debug_loc     0x00000345       0x24 Source/eeprom.o
 .debug_loc     0x00000369       0x32 Source/init.o
 .debug_loc     0x0000039b      0x172 Source/isr.o
 .debug_loc     0x0000050d      0x11b Source/scheduler.o
 .debug_loc     0x00000628       0x4e Source/segDisplay.o
 .debug_loc     0x00000676       0xb7 Source/uart.o
 .debug_loc     0x0000072d       0x42 Source/util.o
 .debug_loc     0x0000076f      0x150 Source/virtualTimers.o

.debug_macinfo
 *(.debug_macinfo)

.debug_weaknames
 *(.debug_weaknames)

.debug_funcnames
 *(.debug_funcnames)

.debug_typenames
 *(.debug_typenames)

.debug_varnames
 *(.debug_varnames)

.debug_pubtypes
 *(.debug_pubtypes)

.debug_ranges   0x00000000      0x190
 *(.debug_ranges)
 .debug_ranges  0x00000000       0x10 PS1.o
 .debug_ranges  0x00000010       0x28 Source/adc.o
 .debug_ranges  0x00000038       0x18 Source/eeprom.o
 .debug_ranges  0x00000050       0x58 Source/init.o
 .debug_ranges  0x000000a8       0x28 Source/isr.o
 .debug_ranges  0x000000d0       0x28 Source/scheduler.o
 .debug_ranges  0x000000f8       0x18 Source/segDisplay.o
 .debug_ranges  0x00000110       0x30 Source/uart.o
 .debug_ranges  0x00000140       0x30 Source/util.o
 .debug_ranges  0x00000170       0x20 Source/virtualTimers.o

.debug_macro    0x00000000     0x2f85
 *(.debug_macro)
 .debug_macro   0x00000000       0xd8 PS1.o
 .debug_macro   0x000000d8      0xa30 PS1.o
 .debug_macro   0x00000b08       0x10 PS1.o
 .debug_macro   0x00000b18      0x1ad PS1.o
 .debug_macro   0x00000cc5      0x293 PS1.o
 .debug_macro   0x00000f58       0x9e PS1.o
 .debug_macro   0x00000ff6     0x13ae PS1.o
 .debug_macro   0x000023a4      0x13a PS1.o
 .debug_macro   0x000024de       0xbd PS1.o
 .debug_macro   0x0000259b       0x34 PS1.o
 .debug_macro   0x000025cf       0x18 PS1.o
 .debug_macro   0x000025e7       0x6c PS1.o
 .debug_macro   0x00002653       0x69 PS1.o
 .debug_macro   0x000026bc       0x1c PS1.o
 .debug_macro   0x000026d8       0x16 PS1.o
 .debug_macro   0x000026ee       0x16 PS1.o
 .debug_macro   0x00002704       0x1c PS1.o
 .debug_macro   0x00002720       0x99 Source/adc.o
 .debug_macro   0x000027b9       0x91 Source/eeprom.o
 .debug_macro   0x0000284a       0xae Source/init.o
 .debug_macro   0x000028f8       0xe1 Source/isr.o
 .debug_macro   0x000029d9       0x70 Source/isr.o
 .debug_macro   0x00002a49       0xe1 Source/scheduler.o
 .debug_macro   0x00002b2a       0x9b Source/segDisplay.o
 .debug_macro   0x00002bc5       0xc8 Source/uart.o
 .debug_macro   0x00002c8d       0x1c Source/uart.o
 .debug_macro   0x00002ca9      0x10e Source/uart.o
 .debug_macro   0x00002db7       0x66 Source/uart.o
 .debug_macro   0x00002e1d       0x16 Source/uart.o
 .debug_macro   0x00002e33       0x20 Source/uart.o
 .debug_macro   0x00002e53       0x90 Source/util.o
 .debug_macro   0x00002ee3       0xa2 Source/virtualTimers.o
OUTPUT(PS1.elf elf32-avr)
LOAD linker stubs
